{"sessionId":"36ec43","runId":"pre-fix","hypothesisId":"H4","location":"test.cpp:extractFeaturesFromFile","message":"parsed geo features","data":{"file":"route1.txt","points":1377,"total_dist":44.8695,"avg_angle":26.8431,"frequency":8.06784,"turn_count":362},"timestamp":1779982613242}
{"sessionId":"36ec43","runId":"pre-fix","hypothesisId":"H1","location":"test.cpp:main","message":"route file load attempt","data":{"file":"route1.txt","ok":true},"timestamp":1779982613243}
{"sessionId":"36ec43","runId":"pre-fix","hypothesisId":"H3","location":"test.cpp:addRoad","message":"addRoad called","data":{"from":0,"to":3,"n":4,"valid":true},"timestamp":1779982613244}
{"sessionId":"36ec43","runId":"pre-fix","hypothesisId":"H4","location":"test.cpp:extractFeaturesFromFile","message":"parsed geo features","data":{"file":"route2.txt","points":212,"total_dist":7.47618,"avg_angle":20.5086,"frequency":1.87261,"turn_count":14},"timestamp":1779982613248}
{"sessionId":"36ec43","runId":"pre-fix","hypothesisId":"H1","location":"test.cpp:main","message":"route file load attempt","data":{"file":"route2.txt","ok":true},"timestamp":1779982613248}
{"sessionId":"36ec43","runId":"pre-fix","hypothesisId":"H3","location":"test.cpp:addRoad","message":"addRoad called","data":{"from":0,"to":2,"n":4,"valid":true},"timestamp":1779982613249}
{"sessionId":"36ec43","runId":"pre-fix","hypothesisId":"H4","location":"test.cpp:extractFeaturesFromFile","message":"parsed geo features","data":{"file":"route3.txt","points":1179,"total_dist":28.7673,"avg_angle":26.6668,"frequency":15.8513,"turn_count":456},"timestamp":1779982613279}
{"sessionId":"36ec43","runId":"pre-fix","hypothesisId":"H1","location":"test.cpp:main","message":"route file load attempt","data":{"file":"route3.txt","ok":true},"timestamp":1779982613279}
{"sessionId":"36ec43","runId":"pre-fix","hypothesisId":"H3","location":"test.cpp:addRoad","message":"addRoad called","data":{"from":2,"to":3,"n":4,"valid":true},"timestamp":1779982613280}
{"sessionId":"36ec43","runId":"pre-fix","hypothesisId":"H3","location":"test.cpp:addRoad","message":"addRoad called","data":{"from":0,"to":1,"n":4,"valid":true},"timestamp":1779982613280}
{"sessionId":"36ec43","runId":"pre-fix","hypothesisId":"H3","location":"test.cpp:addRoad","message":"addRoad called","data":{"from":1,"to":3,"n":4,"valid":true},"timestamp":1779982613280}
{"sessionId":"36ec43","runId":"pre-fix","hypothesisId":"H3","location":"test.cpp:addRoad","message":"addRoad called","data":{"from":1,"to":2,"n":4,"valid":true},"timestamp":1779982613281}
{"sessionId":"36ec43","runId":"pre-fix","hypothesisId":"H2","location":"test.cpp:showUI","message":"passenger count input","data":{"p_count":1},"timestamp":1779982613281}
{"sessionId":"36ec43","runId":"pre-fix","hypothesisId":"H2","location":"test.cpp:showUI","message":"group sensitivity computed","data":{"p_count":1,"group_sensitivity":0.5},"timestamp":1779982613282}
{"sessionId":"36ec43","runId":"pre-fix","hypothesisId":"H5","location":"test.cpp:findBestPath","message":"dijkstra finished","data":{"start":0,"end":3,"sensitivity":0.5,"min_weight_end":22.8163,"relaxation_count":9,"reachable":true},"timestamp":1779982613283}
{"sessionId":"36ec43","runId":"pre-fix","hypothesisId":"H4","location":"test.cpp:extractFeaturesFromFile","message":"parsed geo features","data":{"file":"route1.txt","points":1377,"total_dist":44.8695,"avg_angle":26.8431,"frequency":8.06784,"turn_count":362},"timestamp":1779982687413}
{"sessionId":"36ec43","runId":"pre-fix","hypothesisId":"H1","location":"test.cpp:main","message":"route file load attempt","data":{"file":"route1.txt","ok":true},"timestamp":1779982687414}
{"sessionId":"36ec43","runId":"pre-fix","hypothesisId":"H3","location":"test.cpp:addRoad","message":"addRoad called","data":{"from":0,"to":3,"n":4,"valid":true},"timestamp":1779982687414}
{"sessionId":"36ec43","runId":"pre-fix","hypothesisId":"H4","location":"test.cpp:extractFeaturesFromFile","message":"parsed geo features","data":{"file":"route2.txt","points":212,"total_dist":7.47618,"avg_angle":20.5086,"frequency":1.87261,"turn_count":14},"timestamp":1779982687417}
{"sessionId":"36ec43","runId":"pre-fix","hypothesisId":"H1","location":"test.cpp:main","message":"route file load attempt","data":{"file":"route2.txt","ok":true},"timestamp":1779982687418}
{"sessionId":"36ec43","runId":"pre-fix","hypothesisId":"H3","location":"test.cpp:addRoad","message":"addRoad called","data":{"from":0,"to":2,"n":4,"valid":true},"timestamp":1779982687418}
{"sessionId":"36ec43","runId":"pre-fix","hypothesisId":"H4","location":"test.cpp:extractFeaturesFromFile","message":"parsed geo features","data":{"file":"route3.txt","points":1179,"total_dist":28.7673,"avg_angle":26.6668,"frequency":15.8513,"turn_count":456},"timestamp":1779982687434}
{"sessionId":"36ec43","runId":"pre-fix","hypothesisId":"H1","location":"test.cpp:main","message":"route file load attempt","data":{"file":"route3.txt","ok":true},"timestamp":1779982687434}
{"sessionId":"36ec43","runId":"pre-fix","hypothesisId":"H3","location":"test.cpp:addRoad","message":"addRoad called","data":{"from":2,"to":3,"n":4,"valid":true},"timestamp":1779982687435}
{"sessionId":"36ec43","runId":"pre-fix","hypothesisId":"H3","location":"test.cpp:addRoad","message":"addRoad called","data":{"from":0,"to":1,"n":4,"valid":true},"timestamp":1779982687435}
{"sessionId":"36ec43","runId":"pre-fix","hypothesisId":"H3","location":"test.cpp:addRoad","message":"addRoad called","data":{"from":1,"to":3,"n":4,"valid":true},"timestamp":1779982687435}
{"sessionId":"36ec43","runId":"pre-fix","hypothesisId":"H3","location":"test.cpp:addRoad","message":"addRoad called","data":{"from":1,"to":2,"n":4,"valid":true},"timestamp":1779982687436}
{"sessionId":"36ec43","runId":"pre-fix","hypothesisId":"H2","location":"test.cpp:showUI","message":"passenger count input","data":{"p_count":1},"timestamp":1779982687436}
{"sessionId":"36ec43","runId":"pre-fix","hypothesisId":"H2","location":"test.cpp:showUI","message":"group sensitivity computed","data":{"p_count":1,"group_sensitivity":0.5},"timestamp":1779982687437}
{"sessionId":"36ec43","runId":"pre-fix","hypothesisId":"H5","location":"test.cpp:findBestPath","message":"dijkstra finished","data":{"start":0,"end":3,"sensitivity":0.5,"min_weight_end":22.8163,"relaxation_count":9,"reachable":true},"timestamp":1779982687437}
{"sessionId":"36ec43","runId":"pre-fix","hypothesisId":"H4","location":"test.cpp:extractFeaturesFromFile","message":"parsed geo features","data":{"file":"route1.txt","points":1377,"total_dist":44.8695,"avg_angle":26.8431,"frequency":8.06784,"turn_count":362},"timestamp":1779983668075}
{"sessionId":"36ec43","runId":"pre-fix","hypothesisId":"H1","location":"test.cpp:main","message":"route file load attempt","data":{"file":"route1.txt","ok":true},"timestamp":1779983668075}
{"sessionId":"36ec43","runId":"pre-fix","hypothesisId":"H3","location":"test.cpp:addRoad","message":"addRoad called","data":{"from":0,"to":3,"n":4,"valid":true},"timestamp":1779983668076}
{"sessionId":"36ec43","runId":"pre-fix","hypothesisId":"H4","location":"test.cpp:extractFeaturesFromFile","message":"parsed geo features","data":{"file":"route2.txt","points":212,"total_dist":7.47618,"avg_angle":20.5086,"frequency":1.87261,"turn_count":14},"timestamp":1779983668081}
{"sessionId":"36ec43","runId":"pre-fix","hypothesisId":"H1","location":"test.cpp:main","message":"route file load attempt","data":{"file":"route2.txt","ok":true},"timestamp":1779983668081}
{"sessionId":"36ec43","runId":"pre-fix","hypothesisId":"H3","location":"test.cpp:addRoad","message":"addRoad called","data":{"from":0,"to":2,"n":4,"valid":true},"timestamp":1779983668082}
{"sessionId":"36ec43","runId":"pre-fix","hypothesisId":"H4","location":"test.cpp:extractFeaturesFromFile","message":"parsed geo features","data":{"file":"route3.txt","points":1179,"total_dist":28.7673,"avg_angle":26.6668,"frequency":15.8513,"turn_count":456},"timestamp":1779983668097}
{"sessionId":"36ec43","runId":"pre-fix","hypothesisId":"H1","location":"test.cpp:main","message":"route file load attempt","data":{"file":"route3.txt","ok":true},"timestamp":1779983668098}
{"sessionId":"36ec43","runId":"pre-fix","hypothesisId":"H3","location":"test.cpp:addRoad","message":"addRoad called","data":{"from":2,"to":3,"n":4,"valid":true},"timestamp":1779983668098}
{"sessionId":"36ec43","runId":"pre-fix","hypothesisId":"H3","location":"test.cpp:addRoad","message":"addRoad called","data":{"from":0,"to":1,"n":4,"valid":true},"timestamp":1779983668099}
{"sessionId":"36ec43","runId":"pre-fix","hypothesisId":"H3","location":"test.cpp:addRoad","message":"addRoad called","data":{"from":1,"to":3,"n":4,"valid":true},"timestamp":1779983668100}
{"sessionId":"36ec43","runId":"pre-fix","hypothesisId":"H3","location":"test.cpp:addRoad","message":"addRoad called","data":{"from":1,"to":2,"n":4,"valid":true},"timestamp":1779983668101}
{"sessionId":"36ec43","runId":"pre-fix","hypothesisId":"H4","location":"test.cpp:extractFeaturesFromFile","message":"parsed geo features","data":{"file":"route1.txt","points":1377,"total_dist":44.8695,"avg_angle":26.8431,"frequency":8.06784,"turn_count":362},"timestamp":1780015387948}
{"sessionId":"36ec43","runId":"pre-fix","hypothesisId":"H1","location":"test.cpp:main","message":"route file load attempt","data":{"file":"route1.txt","ok":true},"timestamp":1780015387949}
{"sessionId":"36ec43","runId":"pre-fix","hypothesisId":"H3","location":"test.cpp:addRoad","message":"addRoad called","data":{"from":0,"to":3,"n":4,"valid":true},"timestamp":1780015387949}
{"sessionId":"36ec43","runId":"pre-fix","hypothesisId":"H4","location":"test.cpp:extractFeaturesFromFile","message":"parsed geo features","data":{"file":"route2.txt","points":1391,"total_dist":36.2435,"avg_angle":26.4834,"frequency":12.9678,"turn_count":470},"timestamp":1780015387966}
{"sessionId":"36ec43","runId":"pre-fix","hypothesisId":"H1","location":"test.cpp:main","message":"route file load attempt","data":{"file":"route2.txt","ok":true},"timestamp":1780015387966}
{"sessionId":"36ec43","runId":"pre-fix","hypothesisId":"H3","location":"test.cpp:addRoad","message":"addRoad called","data":{"from":0,"to":3,"n":4,"valid":true},"timestamp":1780015387966}
{"sessionId":"36ec43","runId":"pre-fix","hypothesisId":"H3","location":"test.cpp:addRoad","message":"addRoad called","data":{"from":0,"to":1,"n":4,"valid":true},"timestamp":1780015387967}
{"sessionId":"36ec43","runId":"pre-fix","hypothesisId":"H3","location":"test.cpp:addRoad","message":"addRoad called","data":{"from":1,"to":3,"n":4,"valid":true},"timestamp":1780015387967}
{"sessionId":"36ec43","runId":"pre-fix","hypothesisId":"H3","location":"test.cpp:addRoad","message":"addRoad called","data":{"from":1,"to":2,"n":4,"valid":true},"timestamp":1780015387968}
{"sessionId":"36ec43","runId":"pre-fix","hypothesisId":"H2","location":"test.cpp:showUI","message":"passenger count input","data":{"p_count":0},"timestamp":1780015387968}
{"sessionId":"36ec43","runId":"pre-fix","hypothesisId":"H2","location":"test.cpp:showUI","message":"group sensitivity computed","data":{"p_count":0,"group_sensitivity":0.5},"timestamp":1780015387969}
{"sessionId":"36ec43","runId":"pre-fix","hypothesisId":"H5","location":"test.cpp:findBestPath","message":"dijkstra finished","data":{"start":0,"end":0,"sensitivity":0.5,"min_weight_end":0,"relaxation_count":0,"reachable":true},"timestamp":1780015387969}
{"sessionId":"36ec43","runId":"pre-fix","hypothesisId":"H4","location":"test.cpp:extractFeaturesFromFile","message":"parsed geo features","data":{"file":"route1.txt","points":1377,"total_dist":44.8695,"avg_angle":26.8431,"frequency":8.06784,"turn_count":362},"timestamp":1780021659914}
{"sessionId":"36ec43","runId":"pre-fix","hypothesisId":"H1","location":"test.cpp:main","message":"route file load attempt","data":{"file":"route1.txt","ok":true},"timestamp":1780021659915}
{"sessionId":"36ec43","runId":"pre-fix","hypothesisId":"H3","location":"test.cpp:addRoad","message":"addRoad called","data":{"from":0,"to":3,"n":4,"valid":true},"timestamp":1780021659915}
{"sessionId":"36ec43","runId":"pre-fix","hypothesisId":"H4","location":"test.cpp:extractFeaturesFromFile","message":"parsed geo features","data":{"file":"route2.txt","points":1391,"total_dist":36.2435,"avg_angle":26.4834,"frequency":12.9678,"turn_count":470},"timestamp":1780021659936}
{"sessionId":"36ec43","runId":"pre-fix","hypothesisId":"H1","location":"test.cpp:main","message":"route file load attempt","data":{"file":"route2.txt","ok":true},"timestamp":1780021659937}
{"sessionId":"36ec43","runId":"pre-fix","hypothesisId":"H3","location":"test.cpp:addRoad","message":"addRoad called","data":{"from":0,"to":3,"n":4,"valid":true},"timestamp":1780021659937}
{"sessionId":"36ec43","runId":"pre-fix","hypothesisId":"H3","location":"test.cpp:addRoad","message":"addRoad called","data":{"from":0,"to":1,"n":4,"valid":true},"timestamp":1780021659940}
{"sessionId":"36ec43","runId":"pre-fix","hypothesisId":"H3","location":"test.cpp:addRoad","message":"addRoad called","data":{"from":1,"to":3,"n":4,"valid":true},"timestamp":1780021659941}
{"sessionId":"36ec43","runId":"pre-fix","hypothesisId":"H3","location":"test.cpp:addRoad","message":"addRoad called","data":{"from":1,"to":2,"n":4,"valid":true},"timestamp":1780021659941}
{"sessionId":"36ec43","runId":"pre-fix","hypothesisId":"H4","location":"test.cpp:extractFeaturesFromFile","message":"parsed geo features","data":{"file":"route1.txt","points":1377,"total_dist":44.8695,"avg_angle":26.8431,"frequency":8.06784,"turn_count":362},"timestamp":1780022096332}
{"sessionId":"36ec43","runId":"pre-fix","hypothesisId":"H1","location":"test.cpp:main","message":"route file load attempt","data":{"file":"route1.txt","ok":true},"timestamp":1780022096333}
{"sessionId":"36ec43","runId":"pre-fix","hypothesisId":"H3","location":"test.cpp:addRoad","message":"addRoad called","data":{"from":0,"to":3,"n":4,"valid":true},"timestamp":1780022096333}
{"sessionId":"36ec43","runId":"pre-fix","hypothesisId":"H4","location":"test.cpp:extractFeaturesFromFile","message":"parsed geo features","data":{"file":"route2.txt","points":1391,"total_dist":36.2435,"avg_angle":26.4834,"frequency":12.9678,"turn_count":470},"timestamp":1780022096350}
{"sessionId":"36ec43","runId":"pre-fix","hypothesisId":"H1","location":"test.cpp:main","message":"route file load attempt","data":{"file":"route2.txt","ok":true},"timestamp":1780022096350}
{"sessionId":"36ec43","runId":"pre-fix","hypothesisId":"H3","location":"test.cpp:addRoad","message":"addRoad called","data":{"from":0,"to":3,"n":4,"valid":true},"timestamp":1780022096351}
{"sessionId":"36ec43","runId":"pre-fix","hypothesisId":"H3","location":"test.cpp:addRoad","message":"addRoad called","data":{"from":0,"to":1,"n":4,"valid":true},"timestamp":1780022096352}
{"sessionId":"36ec43","runId":"pre-fix","hypothesisId":"H3","location":"test.cpp:addRoad","message":"addRoad called","data":{"from":1,"to":3,"n":4,"valid":true},"timestamp":1780022096352}
{"sessionId":"36ec43","runId":"pre-fix","hypothesisId":"H3","location":"test.cpp:addRoad","message":"addRoad called","data":{"from":1,"to":2,"n":4,"valid":true},"timestamp":1780022096352}
{"sessionId":"36ec43","runId":"pre-fix","hypothesisId":"H4","location":"test.cpp:extractFeaturesFromFile","message":"parsed geo features","data":{"file":"route1.txt","points":1377,"total_dist":44.8695,"avg_angle":26.8431,"frequency":8.06784,"turn_count":362},"timestamp":1780022236403}
{"sessionId":"36ec43","runId":"pre-fix","hypothesisId":"H1","location":"test.cpp:main","message":"route file load attempt","data":{"file":"route1.txt","ok":true},"timestamp":1780022236404}
{"sessionId":"36ec43","runId":"pre-fix","hypothesisId":"H3","location":"test.cpp:addRoad","message":"addRoad called","data":{"from":0,"to":3,"n":4,"valid":true},"timestamp":1780022236405}
{"sessionId":"36ec43","runId":"pre-fix","hypothesisId":"H4","location":"test.cpp:extractFeaturesFromFile","message":"parsed geo features","data":{"file":"route2.txt","points":1391,"total_dist":36.2435,"avg_angle":26.4834,"frequency":12.9678,"turn_count":470},"timestamp":1780022236429}
{"sessionId":"36ec43","runId":"pre-fix","hypothesisId":"H1","location":"test.cpp:main","message":"route file load attempt","data":{"file":"route2.txt","ok":true},"timestamp":1780022236429}
{"sessionId":"36ec43","runId":"pre-fix","hypothesisId":"H3","location":"test.cpp:addRoad","message":"addRoad called","data":{"from":0,"to":3,"n":4,"valid":true},"timestamp":1780022236430}
{"sessionId":"36ec43","runId":"pre-fix","hypothesisId":"H3","location":"test.cpp:addRoad","message":"addRoad called","data":{"from":0,"to":1,"n":4,"valid":true},"timestamp":1780022236431}
{"sessionId":"36ec43","runId":"pre-fix","hypothesisId":"H3","location":"test.cpp:addRoad","message":"addRoad called","data":{"from":1,"to":3,"n":4,"valid":true},"timestamp":1780022236431}
{"sessionId":"36ec43","runId":"pre-fix","hypothesisId":"H3","location":"test.cpp:addRoad","message":"addRoad called","data":{"from":1,"to":2,"n":4,"valid":true},"timestamp":1780022236432}
{"sessionId":"36ec43","runId":"pre-fix","hypothesisId":"H4","location":"test.cpp:extractFeaturesFromFile","message":"parsed geo features","data":{"file":"route1.txt","points":1377,"total_dist":44.8695,"avg_angle":26.8431,"frequency":8.06784,"turn_count":362},"timestamp":1780022318268}
{"sessionId":"36ec43","runId":"pre-fix","hypothesisId":"H1","location":"test.cpp:main","message":"route file load attempt","data":{"file":"route1.txt","ok":true},"timestamp":1780022318268}
{"sessionId":"36ec43","runId":"pre-fix","hypothesisId":"H3","location":"test.cpp:addRoad","message":"addRoad called","data":{"from":0,"to":3,"n":4,"valid":true},"timestamp":1780022318268}
{"sessionId":"36ec43","runId":"pre-fix","hypothesisId":"H4","location":"test.cpp:extractFeaturesFromFile","message":"parsed geo features","data":{"file":"route2.txt","points":1391,"total_dist":36.2435,"avg_angle":26.4834,"frequency":12.9678,"turn_count":470},"timestamp":1780022318288}
{"sessionId":"36ec43","runId":"pre-fix","hypothesisId":"H1","location":"test.cpp:main","message":"route file load attempt","data":{"file":"route2.txt","ok":true},"timestamp":1780022318289}
{"sessionId":"36ec43","runId":"pre-fix","hypothesisId":"H3","location":"test.cpp:addRoad","message":"addRoad called","data":{"from":0,"to":3,"n":4,"valid":true},"timestamp":1780022318289}
{"sessionId":"36ec43","runId":"pre-fix","hypothesisId":"H3","location":"test.cpp:addRoad","message":"addRoad called","data":{"from":0,"to":1,"n":4,"valid":true},"timestamp":1780022318290}
{"sessionId":"36ec43","runId":"pre-fix","hypothesisId":"H3","location":"test.cpp:addRoad","message":"addRoad called","data":{"from":1,"to":3,"n":4,"valid":true},"timestamp":1780022318291}
{"sessionId":"36ec43","runId":"pre-fix","hypothesisId":"H3","location":"test.cpp:addRoad","message":"addRoad called","data":{"from":1,"to":2,"n":4,"valid":true},"timestamp":1780022318291}
{"sessionId":"36ec43","runId":"pre-fix","hypothesisId":"H4","location":"test.cpp:extractFeaturesFromFile","message":"parsed geo features","data":{"file":"route1.txt","points":1377,"total_dist":44.8695,"avg_angle":26.8431,"frequency":8.06784,"turn_count":362},"timestamp":1780022548457}
{"sessionId":"36ec43","runId":"pre-fix","hypothesisId":"H1","location":"test.cpp:main","message":"route file load attempt","data":{"file":"route1.txt","ok":true},"timestamp":1780022548458}
{"sessionId":"36ec43","runId":"pre-fix","hypothesisId":"H3","location":"test.cpp:addRoad","message":"addRoad called","data":{"from":0,"to":3,"n":4,"valid":true},"timestamp":1780022548458}
{"sessionId":"36ec43","runId":"pre-fix","hypothesisId":"H4","location":"test.cpp:extractFeaturesFromFile","message":"parsed geo features","data":{"file":"route2.txt","points":1391,"total_dist":36.2435,"avg_angle":26.4834,"frequency":12.9678,"turn_count":470},"timestamp":1780022548474}
{"sessionId":"36ec43","runId":"pre-fix","hypothesisId":"H1","location":"test.cpp:main","message":"route file load attempt","data":{"file":"route2.txt","ok":true},"timestamp":1780022548475}
{"sessionId":"36ec43","runId":"pre-fix","hypothesisId":"H3","location":"test.cpp:addRoad","message":"addRoad called","data":{"from":0,"to":3,"n":4,"valid":true},"timestamp":1780022548475}
{"sessionId":"36ec43","runId":"pre-fix","hypothesisId":"H3","location":"test.cpp:addRoad","message":"addRoad called","data":{"from":0,"to":1,"n":4,"valid":true},"timestamp":1780022548476}
{"sessionId":"36ec43","runId":"pre-fix","hypothesisId":"H3","location":"test.cpp:addRoad","message":"addRoad called","data":{"from":1,"to":3,"n":4,"valid":true},"timestamp":1780022548477}
{"sessionId":"36ec43","runId":"pre-fix","hypothesisId":"H3","location":"test.cpp:addRoad","message":"addRoad called","data":{"from":1,"to":2,"n":4,"valid":true},"timestamp":1780022548477}
{"sessionId":"36ec43","runId":"pre-fix","hypothesisId":"H4","location":"test.cpp:extractFeaturesFromFile","message":"parsed geo features","data":{"file":"route1.txt","points":1377,"total_dist":44.8695,"avg_angle":26.8431,"frequency":8.06784,"turn_count":362},"timestamp":1780022678903}
{"sessionId":"36ec43","runId":"pre-fix","hypothesisId":"H1","location":"test.cpp:main","message":"route file load attempt","data":{"file":"route1.txt","ok":true},"timestamp":1780022678904}
{"sessionId":"36ec43","runId":"pre-fix","hypothesisId":"H3","location":"test.cpp:addRoad","message":"addRoad called","data":{"from":0,"to":3,"n":4,"valid":true},"timestamp":1780022678904}
{"sessionId":"36ec43","runId":"pre-fix","hypothesisId":"H4","location":"test.cpp:extractFeaturesFromFile","message":"parsed geo features","data":{"file":"route2.txt","points":1391,"total_dist":36.2435,"avg_angle":26.4834,"frequency":12.9678,"turn_count":470},"timestamp":1780022678924}
{"sessionId":"36ec43","runId":"pre-fix","hypothesisId":"H1","location":"test.cpp:main","message":"route file load attempt","data":{"file":"route2.txt","ok":true},"timestamp":1780022678925}
{"sessionId":"36ec43","runId":"pre-fix","hypothesisId":"H3","location":"test.cpp:addRoad","message":"addRoad called","data":{"from":0,"to":3,"n":4,"valid":true},"timestamp":1780022678926}
{"sessionId":"36ec43","runId":"pre-fix","hypothesisId":"H3","location":"test.cpp:addRoad","message":"addRoad called","data":{"from":0,"to":1,"n":4,"valid":true},"timestamp":1780022678927}
{"sessionId":"36ec43","runId":"pre-fix","hypothesisId":"H3","location":"test.cpp:addRoad","message":"addRoad called","data":{"from":1,"to":3,"n":4,"valid":true},"timestamp":1780022678927}
{"sessionId":"36ec43","runId":"pre-fix","hypothesisId":"H3","location":"test.cpp:addRoad","message":"addRoad called","data":{"from":1,"to":2,"n":4,"valid":true},"timestamp":1780022678927}
{"sessionId":"36ec43","runId":"pre-fix","hypothesisId":"H2","location":"test.cpp:showUI","message":"passenger count input","data":{"p_count":20},"timestamp":1780022748198}
{"sessionId":"36ec43","runId":"pre-fix","hypothesisId":"H2","location":"test.cpp:showUI","message":"group sensitivity computed","data":{"p_count":20,"group_sensitivity":0.7205},"timestamp":1780022805210}
{"sessionId":"36ec43","runId":"pre-fix","hypothesisId":"H5","location":"test.cpp:findBestPath","message":"dijkstra finished","data":{"start":0,"end":3,"sensitivity":0.7205,"min_weight_end":23.1322,"relaxation_count":7,"reachable":true},"timestamp":1780022858582}
{"sessionId":"36ec43","runId":"pre-fix","hypothesisId":"H4","location":"test.cpp:extractFeaturesFromFile","message":"parsed geo features","data":{"file":"route1.txt","points":1377,"total_dist":44.8695,"avg_angle":26.8431,"frequency":8.06784,"turn_count":362},"timestamp":1780023025070}
{"sessionId":"36ec43","runId":"pre-fix","hypothesisId":"H1","location":"test.cpp:main","message":"route file load attempt","data":{"file":"route1.txt","ok":true},"timestamp":1780023025070}
{"sessionId":"36ec43","runId":"pre-fix","hypothesisId":"H3","location":"test.cpp:addRoad","message":"addRoad called","data":{"from":0,"to":3,"n":4,"valid":true},"timestamp":1780023025071}
{"sessionId":"36ec43","runId":"pre-fix","hypothesisId":"H4","location":"test.cpp:extractFeaturesFromFile","message":"parsed geo features","data":{"file":"route2.txt","points":1391,"total_dist":36.2435,"avg_angle":26.4834,"frequency":12.9678,"turn_count":470},"timestamp":1780023025091}
{"sessionId":"36ec43","runId":"pre-fix","hypothesisId":"H1","location":"test.cpp:main","message":"route file load attempt","data":{"file":"route2.txt","ok":true},"timestamp":1780023025091}
{"sessionId":"36ec43","runId":"pre-fix","hypothesisId":"H3","location":"test.cpp:addRoad","message":"addRoad called","data":{"from":0,"to":3,"n":4,"valid":true},"timestamp":1780023025092}
{"sessionId":"36ec43","runId":"pre-fix","hypothesisId":"H3","location":"test.cpp:addRoad","message":"addRoad called","data":{"from":0,"to":1,"n":4,"valid":true},"timestamp":1780023025093}
{"sessionId":"36ec43","runId":"pre-fix","hypothesisId":"H3","location":"test.cpp:addRoad","message":"addRoad called","data":{"from":1,"to":3,"n":4,"valid":true},"timestamp":1780023025093}
{"sessionId":"36ec43","runId":"pre-fix","hypothesisId":"H3","location":"test.cpp:addRoad","message":"addRoad called","data":{"from":1,"to":2,"n":4,"valid":true},"timestamp":1780023025094}
{"sessionId":"36ec43","runId":"pre-fix","hypothesisId":"H2","location":"test.cpp:showUI","message":"group sensitivity input","data":{"group_sensitivity":0.6},"timestamp":1780023035325}
{"sessionId":"36ec43","runId":"pre-fix","hypothesisId":"H5","location":"test.cpp:findBestPath","message":"dijkstra finished","data":{"start":0,"end":3,"sensitivity":0.6,"min_weight_end":22.9596,"relaxation_count":7,"reachable":true},"timestamp":1780023041881}
